CREATE EXTENSION pg_tde;
-- server restart
CREATE TABLE test_enc(id SERIAL,k INTEGER,PRIMARY KEY (id)) USING tde_heap_basic;
INSERT INTO test_enc (k) VALUES (5),(6);
SELECT * FROM test_enc ORDER BY id ASC;
1|5
2|6
-- ROTATE KEY pg_tde_rotate_principal_key('rotated-principal-key','file-2');
SELECT * FROM test_enc ORDER BY id ASC;
1|5
2|6
-- server restart
SELECT * FROM test_enc ORDER BY id ASC;
1|5
2|6
-- ROTATE KEY pg_tde_rotate_principal_key();
SELECT * FROM test_enc ORDER BY id ASC;
1|5
2|6
-- server restart
SELECT * FROM test_enc ORDER BY id ASC;
1|5
2|6
DROP TABLE test_enc;
DROP EXTENSION pg_tde;
