\set tde_am tde_heap_basic
\i sql/kmip_test.inc
CREATE EXTENSION pg_tde;
SELECT pg_tde_add_key_provider_kmip('kmip-prov','127.0.0.1', 5696, '/tmp/server_certificate.pem', '/tmp/client_key_jane_doe.pem');
 pg_tde_add_key_provider_kmip 
------------------------------
                            1
(1 row)

SELECT pg_tde_set_principal_key('kmip-principal-key','kmip-prov');
 pg_tde_set_principal_key 
--------------------------
 t
(1 row)

CREATE TABLE test_enc(
	  id SERIAL,
	  k INTEGER DEFAULT '0' NOT NULL,
	  PRIMARY KEY (id)
	) USING :tde_am;
psql:sql/kmip_test.inc:10: WARNING:  tde_heap_basic is deprecated, and will be removed in the next release. Please migrate tables to tde_heap.
psql:sql/kmip_test.inc:10: WARNING:  tde_heap_basic is deprecated, and will be removed in the next release. Please migrate tables to tde_heap.
INSERT INTO test_enc (k) VALUES (1);
psql:sql/kmip_test.inc:12: WARNING:  tde_heap_basic is deprecated, and will be removed in the next release. Please migrate tables to tde_heap.
INSERT INTO test_enc (k) VALUES (2);
psql:sql/kmip_test.inc:13: WARNING:  tde_heap_basic is deprecated, and will be removed in the next release. Please migrate tables to tde_heap.
INSERT INTO test_enc (k) VALUES (3);
psql:sql/kmip_test.inc:14: WARNING:  tde_heap_basic is deprecated, and will be removed in the next release. Please migrate tables to tde_heap.
SELECT * from test_enc;
psql:sql/kmip_test.inc:16: WARNING:  tde_heap_basic is deprecated, and will be removed in the next release. Please migrate tables to tde_heap.
 id | k 
----+---
  1 | 1
  2 | 2
  3 | 3
(3 rows)

DROP TABLE test_enc;
DROP EXTENSION pg_tde;
