CREATE EXTENSION pg_tde;
-- should fail
CREATE TABLE t1 (n INT) USING tde_heap;
ERROR:  failed to retrieve principal key. Create one using pg_tde_set_principal_key before using encrypted tables.
-- should work
CREATE TABLE t2 (n INT) USING heap;
DROP TABLE t2;
DROP EXTENSION pg_tde;
