\set tde_am tde_heap_basic
\i sql/tablespace.inc
CREATE EXTENSION IF NOT EXISTS pg_tde;
SELECT pg_tde_add_key_provider_file('file-vault','/tmp/pg_tde_test_keyring.per');
 pg_tde_add_key_provider_file 
------------------------------
                            1
(1 row)

SELECT pg_tde_set_principal_key('test-db-principal-key','file-vault');
 pg_tde_set_principal_key 
--------------------------
 t
(1 row)

CREATE TABLE test(num1 bigint, num2 double precision, t text) USING :tde_am;
psql:sql/tablespace.inc:6: WARNING:  tde_heap_basic is deprecated, and will be removed in the next release. Please migrate tables to tde_heap.
psql:sql/tablespace.inc:6: WARNING:  tde_heap_basic is deprecated, and will be removed in the next release. Please migrate tables to tde_heap.
psql:sql/tablespace.inc:6: WARNING:  tde_heap_basic is deprecated, and will be removed in the next release. Please migrate tables to tde_heap.
INSERT INTO test(num1, num2, t)
  SELECT round(random()*100), random(), 'text'
  FROM generate_series(1, 10) s(i);
psql:sql/tablespace.inc:9: WARNING:  tde_heap_basic is deprecated, and will be removed in the next release. Please migrate tables to tde_heap.
psql:sql/tablespace.inc:9: WARNING:  tde_heap_basic is deprecated, and will be removed in the next release. Please migrate tables to tde_heap.
psql:sql/tablespace.inc:9: WARNING:  tde_heap_basic is deprecated, and will be removed in the next release. Please migrate tables to tde_heap.
psql:sql/tablespace.inc:9: WARNING:  tde_heap_basic is deprecated, and will be removed in the next release. Please migrate tables to tde_heap.
psql:sql/tablespace.inc:9: WARNING:  tde_heap_basic is deprecated, and will be removed in the next release. Please migrate tables to tde_heap.
psql:sql/tablespace.inc:9: WARNING:  tde_heap_basic is deprecated, and will be removed in the next release. Please migrate tables to tde_heap.
psql:sql/tablespace.inc:9: WARNING:  tde_heap_basic is deprecated, and will be removed in the next release. Please migrate tables to tde_heap.
psql:sql/tablespace.inc:9: WARNING:  tde_heap_basic is deprecated, and will be removed in the next release. Please migrate tables to tde_heap.
psql:sql/tablespace.inc:9: WARNING:  tde_heap_basic is deprecated, and will be removed in the next release. Please migrate tables to tde_heap.
psql:sql/tablespace.inc:9: WARNING:  tde_heap_basic is deprecated, and will be removed in the next release. Please migrate tables to tde_heap.
CREATE INDEX test_idx ON test(num1);
psql:sql/tablespace.inc:10: WARNING:  tde_heap_basic is deprecated, and will be removed in the next release. Please migrate tables to tde_heap.
SET allow_in_place_tablespaces = true;
CREATE TABLESPACE test_tblspace LOCATION '';
ALTER TABLE test SET TABLESPACE test_tblspace;
SELECT count(*) FROM test;
psql:sql/tablespace.inc:16: WARNING:  tde_heap_basic is deprecated, and will be removed in the next release. Please migrate tables to tde_heap.
 count 
-------
    10
(1 row)

ALTER TABLE test SET TABLESPACE pg_default;
REINDEX (TABLESPACE test_tblspace, CONCURRENTLY) TABLE test;
psql:sql/tablespace.inc:19: WARNING:  tde_heap_basic is deprecated, and will be removed in the next release. Please migrate tables to tde_heap.
psql:sql/tablespace.inc:19: WARNING:  tde_heap_basic is deprecated, and will be removed in the next release. Please migrate tables to tde_heap.
psql:sql/tablespace.inc:19: WARNING:  tde_heap_basic is deprecated, and will be removed in the next release. Please migrate tables to tde_heap.
psql:sql/tablespace.inc:19: WARNING:  tde_heap_basic is deprecated, and will be removed in the next release. Please migrate tables to tde_heap.
INSERT INTO test VALUES (110, 2);
psql:sql/tablespace.inc:20: WARNING:  tde_heap_basic is deprecated, and will be removed in the next release. Please migrate tables to tde_heap.
SELECT * FROM test WHERE num1=110;
psql:sql/tablespace.inc:22: WARNING:  tde_heap_basic is deprecated, and will be removed in the next release. Please migrate tables to tde_heap.
 num1 | num2 | t 
------+------+---
  110 |    2 | 
(1 row)

DROP TABLE test;
DROP TABLESPACE test_tblspace;
DROP EXTENSION pg_tde;
